To honour the JVM settings for this build a single-use Daemon process will be forked. For more on this, please refer to https://docs.gradle.org/8.8/userguide/gradle_daemon.html#sec:disabling_the_daemon in the Gradle documentation.
Daemon will be stopped at the end of the build 

> Configure project :
Java: 17.0.17, JVM: 17.0.17+8-LTS-360 (Oracle Corporation), Arch: amd64

> Task :compileJava FAILED
.\gradlew.bat : F:\Work\Minecraft\forge-1.20.1-47.4.20-mdk\src\main\java\yifei\randomheigh
t\events\TickHandler.java:75: 错误: 找不到符号
所在位置 行:1 字符: 1
+ .\gradlew.bat compileJava > compile.log 2>&1; Get-Content compile.log
+ ~~~~~~~~~~~~~~~~~~~~~~~~~~~~~~~~~~~~~~~~~~~~
    + CategoryInfo          : NotSpecified: (F:\Work\Minecra...a:75: 错误: 找不到符号:String) [] 
   , RemoteException
    + FullyQualifiedErrorId : NativeCommandError
 
        net.minecraft.server.MinecraftServer server = net.minecraftforge.common.ForgeHooks
.getServer();
                                                                                          
^
  符号:   方法 getServer()
  位置: 类 ForgeHooks
F:\Work\Minecraft\forge-1.20.1-47.4.20-mdk\src\main\java\yifei\randomheight\RandomHeightMo
d.java:19: 警告: [removal] FMLJavaModLoadingContext 中的 get() 已过时, 且标记为待删除
        FMLJavaModLoadingContext.get().getModEventBus().addListener(this::commonSetup);
                                ^
F:\Work\Minecraft\forge-1.20.1-47.4.20-mdk\src\main\java\yifei\randomheight\RandomHeightMo
d.java:20: 警告: [removal] FMLJavaModLoadingContext 中的 get() 已过时, 且标记为待删除
        FMLJavaModLoadingContext.get().getModEventBus().addListener(this::clientSetup);
                                ^
1 个错误
2 个警告

FAILURE: Build failed with an exception.

* What went wrong:
Execution failed for task ':compileJava'.
> Compilation failed; see the compiler error output for details.

* Try:
> Run with --info option to get more log output.
> Run with --scan to get full insights.
1 actionable task: 1 executed

BUILD FAILED in 7s
